#-----------------------------------------------------------
# Vivado v2018.2 (64-bit)
# SW Build 2258646 on Thu Jun 14 20:03:12 MDT 2018
# IP Build 2256618 on Thu Jun 14 22:10:49 MDT 2018
# Start of session at: Tue Mar  5 16:15:51 2019
# Process ID: 11576
# Current directory: C:/Users/josed/Documents/GitHub/WMV2code/Vivado_Projects/00_FMC_TargetC_Prototype/XilinxBuild
# Command line: vivado.exe -gui_launcher_event rodinguilauncherevent7792 C:\Users\josed\Documents\GitHub\WMV2code\Vivado_Projects\00_FMC_TargetC_Prototype\XilinxBuild\FMC_TARGETC_Prototype.xpr
# Log file: C:/Users/josed/Documents/GitHub/WMV2code/Vivado_Projects/00_FMC_TargetC_Prototype/XilinxBuild/vivado.log
# Journal file: C:/Users/josed/Documents/GitHub/WMV2code/Vivado_Projects/00_FMC_TargetC_Prototype/XilinxBuild\vivado.jou
#-----------------------------------------------------------
start_gui
open_project C:/Users/josed/Documents/GitHub/WMV2code/Vivado_Projects/00_FMC_TargetC_Prototype/XilinxBuild/FMC_TARGETC_Prototype.xpr
update_compile_order -fileset sources_1
reset_run impl_1 -prev_step 
launch_runs impl_1 -to_step write_bitstream -jobs 8
wait_on_run impl_1
file copy -force C:/Users/josed/Documents/GitHub/WMV2code/Vivado_Projects/00_FMC_TargetC_Prototype/XilinxBuild/FMC_TARGETC_Prototype.runs/impl_1/base_zynq_wrapper.sysdef C:/Users/josed/Documents/GitHub/WMV2code/Vivado_Projects/00_FMC_TargetC_Prototype/XilinxBuild/FMC_TARGETC_Prototype.sdk/base_zynq_wrapper.hdf

launch_sdk -workspace C:/Users/josed/Documents/GitHub/WMV2code/Vivado_Projects/00_FMC_TargetC_Prototype/XilinxBuild/FMC_TARGETC_Prototype.sdk -hwspec C:/Users/josed/Documents/GitHub/WMV2code/Vivado_Projects/00_FMC_TargetC_Prototype/XilinxBuild/FMC_TARGETC_Prototype.sdk/base_zynq_wrapper.hdf
